// Jest Snapshot v1, https://goo.gl/fbAQLP

exports[`<Counter / should render correctly 1`] = `
<div>
  <div
    className="display"
  >
    0
  </div>
  <button
    onClick={[Function]}
  >
    +
  </button>
  <button
    onClick={[Function]}
  >
    -
  </button>
</div>
`;
